2026-09-16	bineyond<bineyond@gmail.com>
    version 1.4
    build with QT v5.15

    add macOS support: builds sokit.app with the Qt frameworks bundled and
    ad-hoc signed, so it runs on a Mac without Qt installed
    unified cross platform qmake project (build/qmake/sokit.pro)
    the language file is also looked for next to the executable and inside
    the application bundle
    Windows, Linux and macOS packages are built and published by GitHub Actions

2015-05-07	sinpowei<sinpowei@gmail.com>
    version 1.3.1
    build with QT v5.3.2

    Source code repository migrated from Google Code to GitHub

2011-11-30	sinpowei<sinpowei@gmail.com>
    version 1.3
    build with QT v4.7.2

    fixed: reset receive & send counter when clear output window

2011-09-21	sinpowei<sinpowei@gmail.com>
    version 1.2
    build with QT v4.7.2

    add linux version
    UI adjustment for linux desktop
    few small bug fixed

2010-11-17	sinpowei<sinpowei@gmail.com>
    first release version 1.0
    build with QT v4.7.1

